[
  {
    "prefix": "0",
    "key": "val1",
    "val": {
      "type": "lino/price/fedprice",
      "value": {
        "validator": "val1",
        "price": "300",
        "update_at": "1077000"
      }
    }
  },
  {
    "prefix": "0",
    "key": "val10",
    "val": {
      "type": "lino/price/fedprice",
      "value": {
        "validator": "val10",
        "price": "309",
        "update_at": "1077000"
      }
    }
  },
  {
    "prefix": "0",
    "key": "val100",
    "val": {
      "type": "lino/price/fedprice",
      "value": {
        "validator": "val100",
        "price": "399",
        "update_at": "1077000"
      }
    }
  },
  {
    "prefix": "0",
    "key": "val11",
    "val": {
      "type": "lino/price/fedprice",
      "value": {
        "validator": "val11",
        "price": "310",
        "update_at": "1077000"
      }
    }
  },
  {
    "prefix": "0",
    "key": "val12",
    "val": {
      "type": "lino/price/fedprice",
      "value": {
        "validator": "val12",
        "price": "311",
        "update_at": "1077000"
      }
    }
  },
  {
    "prefix": "0",
    "key": "val13",
    "val": {
      "type": "lino/price/fedprice",
      "value": {
        "validator": "val13",
        "price": "312",
        "update_at": "1077000"
      }
    }
  },
  {
    "prefix": "0",
    "key": "val14",
    "val": {
      "type": "lino/price/fedprice",
      "value": {
        "validator": "val14",
        "price": "313",
        "update_at": "1077000"
      }
    }
  },
  {
    "prefix": "0",
    "key": "val15",
    "val": {
      "type": "lino/price/fedprice",
      "value": {
        "validator": "val15",
        "price": "314",
        "update_at": "1077000"
      }
    }
  },
  {
    "prefix": "0",
    "key": "val16",
    "val": {
      "type": "lino/price/fedprice",
      "value": {
        "validator": "val16",
        "price": "315",
        "update_at": "1077000"
      }
    }
  },
  {
    "prefix": "0",
    "key": "val17",
    "val": {
      "type": "lino/price/fedprice",
      "value": {
        "validator": "val17",
        "price": "316",
        "update_at": "1077000"
      }
    }
  },
  {
    "prefix": "0",
    "key": "val18",
    "val": {
      "type": "lino/price/fedprice",
      "value": {
        "validator": "val18",
        "price": "317",
        "update_at": "1077000"
      }
    }
  },
  {
    "prefix": "0",
    "key": "val19",
    "val": {
      "type": "lino/price/fedprice",
      "value": {
        "validator": "val19",
        "price": "318",
        "update_at": "1077000"
      }
    }
  },
  {
    "prefix": "0",
    "key": "val2",
    "val": {
      "type": "lino/price/fedprice",
      "value": {
        "validator": "val2",
        "price": "301",
        "update_at": "1077000"
      }
    }
  },
  {
    "prefix": "0",
    "key": "val20",
    "val": {
      "type": "lino/price/fedprice",
      "value": {
        "validator": "val20",
        "price": "319",
        "update_at": "1077000"
      }
    }
  },
  {
    "prefix": "0",
    "key": "val21",
    "val": {
      "type": "lino/price/fedprice",
      "value": {
        "validator": "val21",
        "price": "320",
        "update_at": "1077000"
      }
    }
  },
  {
    "prefix": "0",
    "key": "val22",
    "val": {
      "type": "lino/price/fedprice",
      "value": {
        "validator": "val22",
        "price": "321",
        "update_at": "1077000"
      }
    }
  },
  {
    "prefix": "0",
    "key": "val23",
    "val": {
      "type": "lino/price/fedprice",
      "value": {
        "validator": "val23",
        "price": "322",
        "update_at": "1077000"
      }
    }
  },
  {
    "prefix": "0",
    "key": "val24",
    "val": {
      "type": "lino/price/fedprice",
      "value": {
        "validator": "val24",
        "price": "323",
        "update_at": "1077000"
      }
    }
  },
  {
    "prefix": "0",
    "key": "val25",
    "val": {
      "type": "lino/price/fedprice",
      "value": {
        "validator": "val25",
        "price": "324",
        "update_at": "1077000"
      }
    }
  },
  {
    "prefix": "0",
    "key": "val26",
    "val": {
      "type": "lino/price/fedprice",
      "value": {
        "validator": "val26",
        "price": "325",
        "update_at": "1077000"
      }
    }
  },
  {
    "prefix": "0",
    "key": "val27",
    "val": {
      "type": "lino/price/fedprice",
      "value": {
        "validator": "val27",
        "price": "326",
        "update_at": "1077000"
      }
    }
  },
  {
    "prefix": "0",
    "key": "val28",
    "val": {
      "type": "lino/price/fedprice",
      "value": {
        "validator": "val28",
        "price": "327",
        "update_at": "1077000"
      }
    }
  },
  {
    "prefix": "0",
    "key": "val29",
    "val": {
      "type": "lino/price/fedprice",
      "value": {
        "validator": "val29",
        "price": "328",
        "update_at": "1077000"
      }
    }
  },
  {
    "prefix": "0",
    "key": "val3",
    "val": {
      "type": "lino/price/fedprice",
      "value": {
        "validator": "val3",
        "price": "302",
        "update_at": "1077000"
      }
    }
  },
  {
    "prefix": "0",
    "key": "val30",
    "val": {
      "type": "lino/price/fedprice",
      "value": {
        "validator": "val30",
        "price": "329",
        "update_at": "1077000"
      }
    }
  },
  {
    "prefix": "0",
    "key": "val31",
    "val": {
      "type": "lino/price/fedprice",
      "value": {
        "validator": "val31",
        "price": "330",
        "update_at": "1077000"
      }
    }
  },
  {
    "prefix": "0",
    "key": "val32",
    "val": {
      "type": "lino/price/fedprice",
      "value": {
        "validator": "val32",
        "price": "331",
        "update_at": "1077000"
      }
    }
  },
  {
    "prefix": "0",
    "key": "val33",
    "val": {
      "type": "lino/price/fedprice",
      "value": {
        "validator": "val33",
        "price": "332",
        "update_at": "1077000"
      }
    }
  },
  {
    "prefix": "0",
    "key": "val34",
    "val": {
      "type": "lino/price/fedprice",
      "value": {
        "validator": "val34",
        "price": "333",
        "update_at": "1077000"
      }
    }
  },
  {
    "prefix": "0",
    "key": "val35",
    "val": {
      "type": "lino/price/fedprice",
      "value": {
        "validator": "val35",
        "price": "334",
        "update_at": "1077000"
      }
    }
  },
  {
    "prefix": "0",
    "key": "val36",
    "val": {
      "type": "lino/price/fedprice",
      "value": {
        "validator": "val36",
        "price": "335",
        "update_at": "1077000"
      }
    }
  },
  {
    "prefix": "0",
    "key": "val37",
    "val": {
      "type": "lino/price/fedprice",
      "value": {
        "validator": "val37",
        "price": "336",
        "update_at": "1077000"
      }
    }
  },
  {
    "prefix": "0",
    "key": "val38",
    "val": {
      "type": "lino/price/fedprice",
      "value": {
        "validator": "val38",
        "price": "337",
        "update_at": "1077000"
      }
    }
  },
  {
    "prefix": "0",
    "key": "val39",
    "val": {
      "type": "lino/price/fedprice",
      "value": {
        "validator": "val39",
        "price": "338",
        "update_at": "1077000"
      }
    }
  },
  {
    "prefix": "0",
    "key": "val4",
    "val": {
      "type": "lino/price/fedprice",
      "value": {
        "validator": "val4",
        "price": "303",
        "update_at": "1077000"
      }
    }
  },
  {
    "prefix": "0",
    "key": "val40",
    "val": {
      "type": "lino/price/fedprice",
      "value": {
        "validator": "val40",
        "price": "339",
        "update_at": "1077000"
      }
    }
  },
  {
    "prefix": "0",
    "key": "val41",
    "val": {
      "type": "lino/price/fedprice",
      "value": {
        "validator": "val41",
        "price": "340",
        "update_at": "1077000"
      }
    }
  },
  {
    "prefix": "0",
    "key": "val42",
    "val": {
      "type": "lino/price/fedprice",
      "value": {
        "validator": "val42",
        "price": "341",
        "update_at": "1077000"
      }
    }
  },
  {
    "prefix": "0",
    "key": "val43",
    "val": {
      "type": "lino/price/fedprice",
      "value": {
        "validator": "val43",
        "price": "342",
        "update_at": "1077000"
      }
    }
  },
  {
    "prefix": "0",
    "key": "val44",
    "val": {
      "type": "lino/price/fedprice",
      "value": {
        "validator": "val44",
        "price": "343",
        "update_at": "1077000"
      }
    }
  },
  {
    "prefix": "0",
    "key": "val45",
    "val": {
      "type": "lino/price/fedprice",
      "value": {
        "validator": "val45",
        "price": "344",
        "update_at": "1077000"
      }
    }
  },
  {
    "prefix": "0",
    "key": "val46",
    "val": {
      "type": "lino/price/fedprice",
      "value": {
        "validator": "val46",
        "price": "345",
        "update_at": "1077000"
      }
    }
  },
  {
    "prefix": "0",
    "key": "val47",
    "val": {
      "type": "lino/price/fedprice",
      "value": {
        "validator": "val47",
        "price": "346",
        "update_at": "1077000"
      }
    }
  },
  {
    "prefix": "0",
    "key": "val48",
    "val": {
      "type": "lino/price/fedprice",
      "value": {
        "validator": "val48",
        "price": "347",
        "update_at": "1077000"
      }
    }
  },
  {
    "prefix": "0",
    "key": "val49",
    "val": {
      "type": "lino/price/fedprice",
      "value": {
        "validator": "val49",
        "price": "348",
        "update_at": "1077000"
      }
    }
  },
  {
    "prefix": "0",
    "key": "val5",
    "val": {
      "type": "lino/price/fedprice",
      "value": {
        "validator": "val5",
        "price": "304",
        "update_at": "1077000"
      }
    }
  },
  {
    "prefix": "0",
    "key": "val50",
    "val": {
      "type": "lino/price/fedprice",
      "value": {
        "validator": "val50",
        "price": "349",
        "update_at": "1077000"
      }
    }
  },
  {
    "prefix": "0",
    "key": "val51",
    "val": {
      "type": "lino/price/fedprice",
      "value": {
        "validator": "val51",
        "price": "350",
        "update_at": "1077000"
      }
    }
  },
  {
    "prefix": "0",
    "key": "val52",
    "val": {
      "type": "lino/price/fedprice",
      "value": {
        "validator": "val52",
        "price": "351",
        "update_at": "1077000"
      }
    }
  },
  {
    "prefix": "0",
    "key": "val53",
    "val": {
      "type": "lino/price/fedprice",
      "value": {
        "validator": "val53",
        "price": "352",
        "update_at": "1077000"
      }
    }
  },
  {
    "prefix": "0",
    "key": "val54",
    "val": {
      "type": "lino/price/fedprice",
      "value": {
        "validator": "val54",
        "price": "353",
        "update_at": "1077000"
      }
    }
  },
  {
    "prefix": "0",
    "key": "val55",
    "val": {
      "type": "lino/price/fedprice",
      "value": {
        "validator": "val55",
        "price": "354",
        "update_at": "1077000"
      }
    }
  },
  {
    "prefix": "0",
    "key": "val56",
    "val": {
      "type": "lino/price/fedprice",
      "value": {
        "validator": "val56",
        "price": "355",
        "update_at": "1077000"
      }
    }
  },
  {
    "prefix": "0",
    "key": "val57",
    "val": {
      "type": "lino/price/fedprice",
      "value": {
        "validator": "val57",
        "price": "356",
        "update_at": "1077000"
      }
    }
  },
  {
    "prefix": "0",
    "key": "val58",
    "val": {
      "type": "lino/price/fedprice",
      "value": {
        "validator": "val58",
        "price": "357",
        "update_at": "1077000"
      }
    }
  },
  {
    "prefix": "0",
    "key": "val59",
    "val": {
      "type": "lino/price/fedprice",
      "value": {
        "validator": "val59",
        "price": "358",
        "update_at": "1077000"
      }
    }
  },
  {
    "prefix": "0",
    "key": "val6",
    "val": {
      "type": "lino/price/fedprice",
      "value": {
        "validator": "val6",
        "price": "305",
        "update_at": "1077000"
      }
    }
  },
  {
    "prefix": "0",
    "key": "val60",
    "val": {
      "type": "lino/price/fedprice",
      "value": {
        "validator": "val60",
        "price": "359",
        "update_at": "1077000"
      }
    }
  },
  {
    "prefix": "0",
    "key": "val61",
    "val": {
      "type": "lino/price/fedprice",
      "value": {
        "validator": "val61",
        "price": "360",
        "update_at": "1077000"
      }
    }
  },
  {
    "prefix": "0",
    "key": "val62",
    "val": {
      "type": "lino/price/fedprice",
      "value": {
        "validator": "val62",
        "price": "361",
        "update_at": "1077000"
      }
    }
  },
  {
    "prefix": "0",
    "key": "val63",
    "val": {
      "type": "lino/price/fedprice",
      "value": {
        "validator": "val63",
        "price": "362",
        "update_at": "1077000"
      }
    }
  },
  {
    "prefix": "0",
    "key": "val64",
    "val": {
      "type": "lino/price/fedprice",
      "value": {
        "validator": "val64",
        "price": "363",
        "update_at": "1077000"
      }
    }
  },
  {
    "prefix": "0",
    "key": "val65",
    "val": {
      "type": "lino/price/fedprice",
      "value": {
        "validator": "val65",
        "price": "364",
        "update_at": "1077000"
      }
    }
  },
  {
    "prefix": "0",
    "key": "val66",
    "val": {
      "type": "lino/price/fedprice",
      "value": {
        "validator": "val66",
        "price": "365",
        "update_at": "1077000"
      }
    }
  },
  {
    "prefix": "0",
    "key": "val67",
    "val": {
      "type": "lino/price/fedprice",
      "value": {
        "validator": "val67",
        "price": "366",
        "update_at": "1077000"
      }
    }
  },
  {
    "prefix": "0",
    "key": "val68",
    "val": {
      "type": "lino/price/fedprice",
      "value": {
        "validator": "val68",
        "price": "367",
        "update_at": "1077000"
      }
    }
  },
  {
    "prefix": "0",
    "key": "val69",
    "val": {
      "type": "lino/price/fedprice",
      "value": {
        "validator": "val69",
        "price": "368",
        "update_at": "1077000"
      }
    }
  },
  {
    "prefix": "0",
    "key": "val7",
    "val": {
      "type": "lino/price/fedprice",
      "value": {
        "validator": "val7",
        "price": "306",
        "update_at": "1077000"
      }
    }
  },
  {
    "prefix": "0",
    "key": "val70",
    "val": {
      "type": "lino/price/fedprice",
      "value": {
        "validator": "val70",
        "price": "369",
        "update_at": "1077000"
      }
    }
  },
  {
    "prefix": "0",
    "key": "val71",
    "val": {
      "type": "lino/price/fedprice",
      "value": {
        "validator": "val71",
        "price": "370",
        "update_at": "1077000"
      }
    }
  },
  {
    "prefix": "0",
    "key": "val72",
    "val": {
      "type": "lino/price/fedprice",
      "value": {
        "validator": "val72",
        "price": "371",
        "update_at": "1077000"
      }
    }
  },
  {
    "prefix": "0",
    "key": "val73",
    "val": {
      "type": "lino/price/fedprice",
      "value": {
        "validator": "val73",
        "price": "372",
        "update_at": "1077000"
      }
    }
  },
  {
    "prefix": "0",
    "key": "val74",
    "val": {
      "type": "lino/price/fedprice",
      "value": {
        "validator": "val74",
        "price": "373",
        "update_at": "1077000"
      }
    }
  },
  {
    "prefix": "0",
    "key": "val75",
    "val": {
      "type": "lino/price/fedprice",
      "value": {
        "validator": "val75",
        "price": "374",
        "update_at": "1077000"
      }
    }
  },
  {
    "prefix": "0",
    "key": "val76",
    "val": {
      "type": "lino/price/fedprice",
      "value": {
        "validator": "val76",
        "price": "375",
        "update_at": "1077000"
      }
    }
  },
  {
    "prefix": "0",
    "key": "val77",
    "val": {
      "type": "lino/price/fedprice",
      "value": {
        "validator": "val77",
        "price": "376",
        "update_at": "1077000"
      }
    }
  },
  {
    "prefix": "0",
    "key": "val78",
    "val": {
      "type": "lino/price/fedprice",
      "value": {
        "validator": "val78",
        "price": "377",
        "update_at": "1077000"
      }
    }
  },
  {
    "prefix": "0",
    "key": "val79",
    "val": {
      "type": "lino/price/fedprice",
      "value": {
        "validator": "val79",
        "price": "378",
        "update_at": "1077000"
      }
    }
  },
  {
    "prefix": "0",
    "key": "val8",
    "val": {
      "type": "lino/price/fedprice",
      "value": {
        "validator": "val8",
        "price": "307",
        "update_at": "1077000"
      }
    }
  },
  {
    "prefix": "0",
    "key": "val80",
    "val": {
      "type": "lino/price/fedprice",
      "value": {
        "validator": "val80",
        "price": "379",
        "update_at": "1077000"
      }
    }
  },
  {
    "prefix": "0",
    "key": "val81",
    "val": {
      "type": "lino/price/fedprice",
      "value": {
        "validator": "val81",
        "price": "380",
        "update_at": "1077000"
      }
    }
  },
  {
    "prefix": "0",
    "key": "val82",
    "val": {
      "type": "lino/price/fedprice",
      "value": {
        "validator": "val82",
        "price": "381",
        "update_at": "1077000"
      }
    }
  },
  {
    "prefix": "0",
    "key": "val83",
    "val": {
      "type": "lino/price/fedprice",
      "value": {
        "validator": "val83",
        "price": "382",
        "update_at": "1077000"
      }
    }
  },
  {
    "prefix": "0",
    "key": "val84",
    "val": {
      "type": "lino/price/fedprice",
      "value": {
        "validator": "val84",
        "price": "383",
        "update_at": "1077000"
      }
    }
  },
  {
    "prefix": "0",
    "key": "val85",
    "val": {
      "type": "lino/price/fedprice",
      "value": {
        "validator": "val85",
        "price": "384",
        "update_at": "1077000"
      }
    }
  },
  {
    "prefix": "0",
    "key": "val86",
    "val": {
      "type": "lino/price/fedprice",
      "value": {
        "validator": "val86",
        "price": "385",
        "update_at": "1077000"
      }
    }
  },
  {
    "prefix": "0",
    "key": "val87",
    "val": {
      "type": "lino/price/fedprice",
      "value": {
        "validator": "val87",
        "price": "386",
        "update_at": "1077000"
      }
    }
  },
  {
    "prefix": "0",
    "key": "val88",
    "val": {
      "type": "lino/price/fedprice",
      "value": {
        "validator": "val88",
        "price": "387",
        "update_at": "1077000"
      }
    }
  },
  {
    "prefix": "0",
    "key": "val89",
    "val": {
      "type": "lino/price/fedprice",
      "value": {
        "validator": "val89",
        "price": "388",
        "update_at": "1077000"
      }
    }
  },
  {
    "prefix": "0",
    "key": "val9",
    "val": {
      "type": "lino/price/fedprice",
      "value": {
        "validator": "val9",
        "price": "308",
        "update_at": "1077000"
      }
    }
  },
  {
    "prefix": "0",
    "key": "val90",
    "val": {
      "type": "lino/price/fedprice",
      "value": {
        "validator": "val90",
        "price": "389",
        "update_at": "1077000"
      }
    }
  },
  {
    "prefix": "0",
    "key": "val91",
    "val": {
      "type": "lino/price/fedprice",
      "value": {
        "validator": "val91",
        "price": "390",
        "update_at": "1077000"
      }
    }
  },
  {
    "prefix": "0",
    "key": "val92",
    "val": {
      "type": "lino/price/fedprice",
      "value": {
        "validator": "val92",
        "price": "391",
        "update_at": "1077000"
      }
    }
  },
  {
    "prefix": "0",
    "key": "val93",
    "val": {
      "type": "lino/price/fedprice",
      "value": {
        "validator": "val93",
        "price": "392",
        "update_at": "1077000"
      }
    }
  },
  {
    "prefix": "0",
    "key": "val94",
    "val": {
      "type": "lino/price/fedprice",
      "value": {
        "validator": "val94",
        "price": "393",
        "update_at": "1077000"
      }
    }
  },
  {
    "prefix": "0",
    "key": "val95",
    "val": {
      "type": "lino/price/fedprice",
      "value": {
        "validator": "val95",
        "price": "394",
        "update_at": "1077000"
      }
    }
  },
  {
    "prefix": "0",
    "key": "val96",
    "val": {
      "type": "lino/price/fedprice",
      "value": {
        "validator": "val96",
        "price": "395",
        "update_at": "1077000"
      }
    }
  },
  {
    "prefix": "0",
    "key": "val97",
    "val": {
      "type": "lino/price/fedprice",
      "value": {
        "validator": "val97",
        "price": "396",
        "update_at": "1077000"
      }
    }
  },
  {
    "prefix": "0",
    "key": "val98",
    "val": {
      "type": "lino/price/fedprice",
      "value": {
        "validator": "val98",
        "price": "397",
        "update_at": "1077000"
      }
    }
  },
  {
    "prefix": "0",
    "key": "val99",
    "val": {
      "type": "lino/price/fedprice",
      "value": {
        "validator": "val99",
        "price": "398",
        "update_at": "1077000"
      }
    }
  },
  {
    "prefix": "1",
    "key": "",
    "val": {
      "type": "lino/price/history",
      "value": [
        {
          "price": "300",
          "update_at": "828000"
        },
        {
          "price": "301",
          "update_at": "831600"
        },
        {
          "price": "302",
          "update_at": "835200"
        },
        {
          "price": "303",
          "update_at": "838800"
        },
        {
          "price": "304",
          "update_at": "842400"
        },
        {
          "price": "305",
          "update_at": "846000"
        },
        {
          "price": "306",
          "update_at": "849600"
        },
        {
          "price": "307",
          "update_at": "853200"
        },
        {
          "price": "308",
          "update_at": "856800"
        },
        {
          "price": "309",
          "update_at": "860400"
        },
        {
          "price": "310",
          "update_at": "864000"
        },
        {
          "price": "311",
          "update_at": "867600"
        },
        {
          "price": "312",
          "update_at": "871200"
        },
        {
          "price": "313",
          "update_at": "874800"
        },
        {
          "price": "314",
          "update_at": "878400"
        },
        {
          "price": "315",
          "update_at": "882000"
        },
        {
          "price": "316",
          "update_at": "885600"
        },
        {
          "price": "317",
          "update_at": "889200"
        },
        {
          "price": "318",
          "update_at": "892800"
        },
        {
          "price": "319",
          "update_at": "896400"
        },
        {
          "price": "320",
          "update_at": "900000"
        },
        {
          "price": "321",
          "update_at": "903600"
        },
        {
          "price": "322",
          "update_at": "907200"
        },
        {
          "price": "323",
          "update_at": "910800"
        },
        {
          "price": "324",
          "update_at": "914400"
        },
        {
          "price": "325",
          "update_at": "918000"
        },
        {
          "price": "326",
          "update_at": "921600"
        },
        {
          "price": "327",
          "update_at": "925200"
        },
        {
          "price": "328",
          "update_at": "928800"
        },
        {
          "price": "329",
          "update_at": "932400"
        },
        {
          "price": "330",
          "update_at": "936000"
        },
        {
          "price": "331",
          "update_at": "939600"
        },
        {
          "price": "332",
          "update_at": "943200"
        },
        {
          "price": "333",
          "update_at": "946800"
        },
        {
          "price": "334",
          "update_at": "950400"
        },
        {
          "price": "335",
          "update_at": "954000"
        },
        {
          "price": "336",
          "update_at": "957600"
        },
        {
          "price": "337",
          "update_at": "961200"
        },
        {
          "price": "338",
          "update_at": "964800"
        },
        {
          "price": "339",
          "update_at": "968400"
        },
        {
          "price": "340",
          "update_at": "972000"
        },
        {
          "price": "341",
          "update_at": "975600"
        },
        {
          "price": "342",
          "update_at": "979200"
        },
        {
          "price": "343",
          "update_at": "982800"
        },
        {
          "price": "344",
          "update_at": "986400"
        },
        {
          "price": "345",
          "update_at": "990000"
        },
        {
          "price": "346",
          "update_at": "993600"
        },
        {
          "price": "347",
          "update_at": "997200"
        },
        {
          "price": "348",
          "update_at": "1000800"
        },
        {
          "price": "349",
          "update_at": "1004400"
        },
        {
          "price": "350",
          "update_at": "1008000"
        },
        {
          "price": "351",
          "update_at": "1011600"
        },
        {
          "price": "352",
          "update_at": "1015200"
        },
        {
          "price": "353",
          "update_at": "1018800"
        },
        {
          "price": "354",
          "update_at": "1022400"
        },
        {
          "price": "355",
          "update_at": "1026000"
        },
        {
          "price": "356",
          "update_at": "1029600"
        },
        {
          "price": "357",
          "update_at": "1033200"
        },
        {
          "price": "358",
          "update_at": "1036800"
        },
        {
          "price": "359",
          "update_at": "1040400"
        },
        {
          "price": "360",
          "update_at": "1044000"
        },
        {
          "price": "361",
          "update_at": "1047600"
        },
        {
          "price": "362",
          "update_at": "1051200"
        },
        {
          "price": "363",
          "update_at": "1054800"
        },
        {
          "price": "364",
          "update_at": "1058400"
        },
        {
          "price": "365",
          "update_at": "1062000"
        },
        {
          "price": "366",
          "update_at": "1065600"
        },
        {
          "price": "367",
          "update_at": "1069200"
        },
        {
          "price": "368",
          "update_at": "1072800"
        },
        {
          "price": "369",
          "update_at": "1076400"
        },
        {
          "price": "370",
          "update_at": "1080000"
        }
      ]
    }
  },
  {
    "prefix": "2",
    "key": "",
    "val": {
      "type": "lino/price/current",
      "value": {
        "price": "335",
        "update_at": "954000"
      }
    }
  },
  {
    "prefix": "3",
    "key": "",
    "val": {
      "type": "lino/price/lastvals",
      "value": [
        "val1",
        "val2",
        "val3",
        "val4",
        "val5",
        "val6",
        "val7",
        "val8",
        "val9",
        "val10",
        "val11",
        "val12",
        "val13",
        "val14",
        "val15",
        "val16",
        "val17",
        "val18",
        "val19",
        "val20",
        "val21",
        "val22",
        "val23",
        "val24",
        "val25",
        "val26",
        "val27",
        "val28",
        "val29",
        "val30",
        "val31",
        "val32",
        "val33",
        "val34",
        "val35",
        "val36",
        "val37",
        "val38",
        "val39",
        "val40",
        "val41",
        "val42",
        "val43",
        "val44",
        "val45",
        "val46",
        "val47",
        "val48",
        "val49",
        "val50",
        "val51",
        "val52",
        "val53",
        "val54",
        "val55",
        "val56",
        "val57",
        "val58",
        "val59",
        "val60",
        "val61",
        "val62",
        "val63",
        "val64",
        "val65",
        "val66",
        "val67",
        "val68",
        "val69",
        "val70",
        "val71",
        "val72",
        "val73",
        "val74",
        "val75",
        "val76",
        "val77",
        "val78",
        "val79",
        "val80",
        "val81",
        "val82",
        "val83",
        "val84",
        "val85",
        "val86",
        "val87",
        "val88",
        "val89",
        "val90",
        "val91",
        "val92",
        "val93",
        "val94",
        "val95",
        "val96",
        "val97",
        "val98",
        "val99",
        "val100"
      ]
    }
  }
]
