[
  {
    "prefix": "0",
    "key": "10000123457",
    "val": {
      "type": "lino/global/eventlist",
      "value": {
        "events": [
          {
            "type": "lino/testevent",
            "value": {
              "id": "-1"
            }
          }
        ]
      }
    }
  },
  {
    "prefix": "0",
    "key": "10000124034",
    "val": {
      "type": "lino/global/eventlist",
      "value": {
        "events": [
          {
            "type": "lino/testevent",
            "value": {
              "id": "-1"
            }
          }
        ]
      }
    }
  },
  {
    "prefix": "0",
    "key": "10000124611",
    "val": {
      "type": "lino/global/eventlist",
      "value": {
        "events": [
          {
            "type": "lino/testevent",
            "value": {
              "id": "-1"
            }
          }
        ]
      }
    }
  },
  {
    "prefix": "0",
    "key": "10000125188",
    "val": {
      "type": "lino/global/eventlist",
      "value": {
        "events": [
          {
            "type": "lino/testevent",
            "value": {
              "id": "-1"
            }
          }
        ]
      }
    }
  },
  {
    "prefix": "0",
    "key": "10000125765",
    "val": {
      "type": "lino/global/eventlist",
      "value": {
        "events": [
          {
            "type": "lino/testevent",
            "value": {
              "id": "-1"
            }
          }
        ]
      }
    }
  },
  {
    "prefix": "0",
    "key": "10000126342",
    "val": {
      "type": "lino/global/eventlist",
      "value": {
        "events": [
          {
            "type": "lino/testevent",
            "value": {
              "id": "-1"
            }
          }
        ]
      }
    }
  },
  {
    "prefix": "0",
    "key": "10000126919",
    "val": {
      "type": "lino/global/eventlist",
      "value": {
        "events": [
          {
            "type": "lino/testevent",
            "value": {
              "id": "-1"
            }
          }
        ]
      }
    }
  },
  {
    "prefix": "0",
    "key": "10000127496",
    "val": {
      "type": "lino/global/eventlist",
      "value": {
        "events": [
          {
            "type": "lino/testevent",
            "value": {
              "id": "-1"
            }
          }
        ]
      }
    }
  },
  {
    "prefix": "0",
    "key": "10000128073",
    "val": {
      "type": "lino/global/eventlist",
      "value": {
        "events": [
          {
            "type": "lino/testevent",
            "value": {
              "id": "-1"
            }
          }
        ]
      }
    }
  },
  {
    "prefix": "0",
    "key": "10000128650",
    "val": {
      "type": "lino/global/eventlist",
      "value": {
        "events": [
          {
            "type": "lino/testevent",
            "value": {
              "id": "-1"
            }
          }
        ]
      }
    }
  },
  {
    "prefix": "0",
    "key": "10000129227",
    "val": {
      "type": "lino/global/eventlist",
      "value": {
        "events": [
          {
            "type": "lino/testevent",
            "value": {
              "id": "-1"
            }
          }
        ]
      }
    }
  },
  {
    "prefix": "0",
    "key": "10000129804",
    "val": {
      "type": "lino/global/eventlist",
      "value": {
        "events": [
          {
            "type": "lino/testevent",
            "value": {
              "id": "-1"
            }
          }
        ]
      }
    }
  },
  {
    "prefix": "0",
    "key": "10000130381",
    "val": {
      "type": "lino/global/eventlist",
      "value": {
        "events": [
          {
            "type": "lino/testevent",
            "value": {
              "id": "-1"
            }
          }
        ]
      }
    }
  },
  {
    "prefix": "0",
    "key": "10000130958",
    "val": {
      "type": "lino/global/eventlist",
      "value": {
        "events": [
          {
            "type": "lino/testevent",
            "value": {
              "id": "-1"
            }
          }
        ]
      }
    }
  },
  {
    "prefix": "0",
    "key": "10000131535",
    "val": {
      "type": "lino/global/eventlist",
      "value": {
        "events": [
          {
            "type": "lino/testevent",
            "value": {
              "id": "-1"
            }
          }
        ]
      }
    }
  },
  {
    "prefix": "0",
    "key": "10000132112",
    "val": {
      "type": "lino/global/eventlist",
      "value": {
        "events": [
          {
            "type": "lino/testevent",
            "value": {
              "id": "-1"
            }
          }
        ]
      }
    }
  },
  {
    "prefix": "0",
    "key": "10000132689",
    "val": {
      "type": "lino/global/eventlist",
      "value": {
        "events": [
          {
            "type": "lino/testevent",
            "value": {
              "id": "-1"
            }
          }
        ]
      }
    }
  },
  {
    "prefix": "0",
    "key": "10000133266",
    "val": {
      "type": "lino/global/eventlist",
      "value": {
        "events": [
          {
            "type": "lino/testevent",
            "value": {
              "id": "-1"
            }
          }
        ]
      }
    }
  },
  {
    "prefix": "0",
    "key": "10000133843",
    "val": {
      "type": "lino/global/eventlist",
      "value": {
        "events": [
          {
            "type": "lino/testevent",
            "value": {
              "id": "-1"
            }
          }
        ]
      }
    }
  },
  {
    "prefix": "0",
    "key": "10000134420",
    "val": {
      "type": "lino/global/eventlist",
      "value": {
        "events": [
          {
            "type": "lino/testevent",
            "value": {
              "id": "-1"
            }
          }
        ]
      }
    }
  },
  {
    "prefix": "0",
    "key": "10000134997",
    "val": {
      "type": "lino/global/eventlist",
      "value": {
        "events": [
          {
            "type": "lino/testevent",
            "value": {
              "id": "-1"
            }
          }
        ]
      }
    }
  },
  {
    "prefix": "0",
    "key": "10000135574",
    "val": {
      "type": "lino/global/eventlist",
      "value": {
        "events": [
          {
            "type": "lino/testevent",
            "value": {
              "id": "-1"
            }
          }
        ]
      }
    }
  },
  {
    "prefix": "0",
    "key": "10000136151",
    "val": {
      "type": "lino/global/eventlist",
      "value": {
        "events": [
          {
            "type": "lino/testevent",
            "value": {
              "id": "-1"
            }
          }
        ]
      }
    }
  },
  {
    "prefix": "0",
    "key": "10000136728",
    "val": {
      "type": "lino/global/eventlist",
      "value": {
        "events": [
          {
            "type": "lino/testevent",
            "value": {
              "id": "-1"
            }
          }
        ]
      }
    }
  },
  {
    "prefix": "0",
    "key": "10000137305",
    "val": {
      "type": "lino/global/eventlist",
      "value": {
        "events": [
          {
            "type": "lino/testevent",
            "value": {
              "id": "-1"
            }
          }
        ]
      }
    }
  },
  {
    "prefix": "0",
    "key": "10000137882",
    "val": {
      "type": "lino/global/eventlist",
      "value": {
        "events": [
          {
            "type": "lino/testevent",
            "value": {
              "id": "-1"
            }
          }
        ]
      }
    }
  },
  {
    "prefix": "0",
    "key": "10000138459",
    "val": {
      "type": "lino/global/eventlist",
      "value": {
        "events": [
          {
            "type": "lino/testevent",
            "value": {
              "id": "-1"
            }
          }
        ]
      }
    }
  },
  {
    "prefix": "0",
    "key": "10000139036",
    "val": {
      "type": "lino/global/eventlist",
      "value": {
        "events": [
          {
            "type": "lino/testevent",
            "value": {
              "id": "-1"
            }
          }
        ]
      }
    }
  },
  {
    "prefix": "0",
    "key": "10000139613",
    "val": {
      "type": "lino/global/eventlist",
      "value": {
        "events": [
          {
            "type": "lino/testevent",
            "value": {
              "id": "-1"
            }
          }
        ]
      }
    }
  },
  {
    "prefix": "0",
    "key": "10000140190",
    "val": {
      "type": "lino/global/eventlist",
      "value": {
        "events": [
          {
            "type": "lino/testevent",
            "value": {
              "id": "-1"
            }
          }
        ]
      }
    }
  },
  {
    "prefix": "0",
    "key": "10000140767",
    "val": {
      "type": "lino/global/eventlist",
      "value": {
        "events": [
          {
            "type": "lino/testevent",
            "value": {
              "id": "-1"
            }
          }
        ]
      }
    }
  },
  {
    "prefix": "0",
    "key": "10000141344",
    "val": {
      "type": "lino/global/eventlist",
      "value": {
        "events": [
          {
            "type": "lino/testevent",
            "value": {
              "id": "-1"
            }
          }
        ]
      }
    }
  },
  {
    "prefix": "0",
    "key": "10000141921",
    "val": {
      "type": "lino/global/eventlist",
      "value": {
        "events": [
          {
            "type": "lino/testevent",
            "value": {
              "id": "-1"
            }
          }
        ]
      }
    }
  },
  {
    "prefix": "0",
    "key": "10000142498",
    "val": {
      "type": "lino/global/eventlist",
      "value": {
        "events": [
          {
            "type": "lino/testevent",
            "value": {
              "id": "-1"
            }
          }
        ]
      }
    }
  },
  {
    "prefix": "0",
    "key": "10000143075",
    "val": {
      "type": "lino/global/eventlist",
      "value": {
        "events": [
          {
            "type": "lino/testevent",
            "value": {
              "id": "-1"
            }
          }
        ]
      }
    }
  },
  {
    "prefix": "0",
    "key": "10000143652",
    "val": {
      "type": "lino/global/eventlist",
      "value": {
        "events": [
          {
            "type": "lino/testevent",
            "value": {
              "id": "-1"
            }
          }
        ]
      }
    }
  },
  {
    "prefix": "0",
    "key": "10000144229",
    "val": {
      "type": "lino/global/eventlist",
      "value": {
        "events": [
          {
            "type": "lino/testevent",
            "value": {
              "id": "-1"
            }
          }
        ]
      }
    }
  },
  {
    "prefix": "0",
    "key": "10000144806",
    "val": {
      "type": "lino/global/eventlist",
      "value": {
        "events": [
          {
            "type": "lino/testevent",
            "value": {
              "id": "-1"
            }
          }
        ]
      }
    }
  },
  {
    "prefix": "0",
    "key": "10000145383",
    "val": {
      "type": "lino/global/eventlist",
      "value": {
        "events": [
          {
            "type": "lino/testevent",
            "value": {
              "id": "-1"
            }
          }
        ]
      }
    }
  },
  {
    "prefix": "0",
    "key": "10000145960",
    "val": {
      "type": "lino/global/eventlist",
      "value": {
        "events": [
          {
            "type": "lino/testevent",
            "value": {
              "id": "-1"
            }
          }
        ]
      }
    }
  },
  {
    "prefix": "0",
    "key": "10000146537",
    "val": {
      "type": "lino/global/eventlist",
      "value": {
        "events": [
          {
            "type": "lino/testevent",
            "value": {
              "id": "-1"
            }
          }
        ]
      }
    }
  },
  {
    "prefix": "0",
    "key": "10000147114",
    "val": {
      "type": "lino/global/eventlist",
      "value": {
        "events": [
          {
            "type": "lino/testevent",
            "value": {
              "id": "-1"
            }
          }
        ]
      }
    }
  },
  {
    "prefix": "0",
    "key": "10000147691",
    "val": {
      "type": "lino/global/eventlist",
      "value": {
        "events": [
          {
            "type": "lino/testevent",
            "value": {
              "id": "-1"
            }
          }
        ]
      }
    }
  },
  {
    "prefix": "0",
    "key": "10000148268",
    "val": {
      "type": "lino/global/eventlist",
      "value": {
        "events": [
          {
            "type": "lino/testevent",
            "value": {
              "id": "-1"
            }
          }
        ]
      }
    }
  },
  {
    "prefix": "0",
    "key": "10000148845",
    "val": {
      "type": "lino/global/eventlist",
      "value": {
        "events": [
          {
            "type": "lino/testevent",
            "value": {
              "id": "-1"
            }
          }
        ]
      }
    }
  },
  {
    "prefix": "0",
    "key": "10000149422",
    "val": {
      "type": "lino/global/eventlist",
      "value": {
        "events": [
          {
            "type": "lino/testevent",
            "value": {
              "id": "-1"
            }
          }
        ]
      }
    }
  },
  {
    "prefix": "0",
    "key": "10000149999",
    "val": {
      "type": "lino/global/eventlist",
      "value": {
        "events": [
          {
            "type": "lino/testevent",
            "value": {
              "id": "-1"
            }
          }
        ]
      }
    }
  },
  {
    "prefix": "0",
    "key": "10000150576",
    "val": {
      "type": "lino/global/eventlist",
      "value": {
        "events": [
          {
            "type": "lino/testevent",
            "value": {
              "id": "-1"
            }
          }
        ]
      }
    }
  },
  {
    "prefix": "0",
    "key": "10000151153",
    "val": {
      "type": "lino/global/eventlist",
      "value": {
        "events": [
          {
            "type": "lino/testevent",
            "value": {
              "id": "-1"
            }
          }
        ]
      }
    }
  },
  {
    "prefix": "0",
    "key": "10000151730",
    "val": {
      "type": "lino/global/eventlist",
      "value": {
        "events": [
          {
            "type": "lino/testevent",
            "value": {
              "id": "-1"
            }
          }
        ]
      }
    }
  },
  {
    "prefix": "0",
    "key": "10000152307",
    "val": {
      "type": "lino/global/eventlist",
      "value": {
        "events": [
          {
            "type": "lino/testevent",
            "value": {
              "id": "-1"
            }
          }
        ]
      }
    }
  },
  {
    "prefix": "0",
    "key": "10000152884",
    "val": {
      "type": "lino/global/eventlist",
      "value": {
        "events": [
          {
            "type": "lino/testevent",
            "value": {
              "id": "-1"
            }
          }
        ]
      }
    }
  },
  {
    "prefix": "0",
    "key": "10000153461",
    "val": {
      "type": "lino/global/eventlist",
      "value": {
        "events": [
          {
            "type": "lino/testevent",
            "value": {
              "id": "-1"
            }
          }
        ]
      }
    }
  },
  {
    "prefix": "0",
    "key": "10000154038",
    "val": {
      "type": "lino/global/eventlist",
      "value": {
        "events": [
          {
            "type": "lino/testevent",
            "value": {
              "id": "-1"
            }
          }
        ]
      }
    }
  },
  {
    "prefix": "0",
    "key": "10000154615",
    "val": {
      "type": "lino/global/eventlist",
      "value": {
        "events": [
          {
            "type": "lino/testevent",
            "value": {
              "id": "-1"
            }
          }
        ]
      }
    }
  },
  {
    "prefix": "0",
    "key": "10000155192",
    "val": {
      "type": "lino/global/eventlist",
      "value": {
        "events": [
          {
            "type": "lino/testevent",
            "value": {
              "id": "-1"
            }
          }
        ]
      }
    }
  },
  {
    "prefix": "0",
    "key": "10000155769",
    "val": {
      "type": "lino/global/eventlist",
      "value": {
        "events": [
          {
            "type": "lino/testevent",
            "value": {
              "id": "-1"
            }
          }
        ]
      }
    }
  },
  {
    "prefix": "0",
    "key": "10000156346",
    "val": {
      "type": "lino/global/eventlist",
      "value": {
        "events": [
          {
            "type": "lino/testevent",
            "value": {
              "id": "-1"
            }
          }
        ]
      }
    }
  },
  {
    "prefix": "0",
    "key": "10000156923",
    "val": {
      "type": "lino/global/eventlist",
      "value": {
        "events": [
          {
            "type": "lino/testevent",
            "value": {
              "id": "-1"
            }
          }
        ]
      }
    }
  },
  {
    "prefix": "0",
    "key": "10000157500",
    "val": {
      "type": "lino/global/eventlist",
      "value": {
        "events": [
          {
            "type": "lino/testevent",
            "value": {
              "id": "-1"
            }
          }
        ]
      }
    }
  },
  {
    "prefix": "0",
    "key": "10000158077",
    "val": {
      "type": "lino/global/eventlist",
      "value": {
        "events": [
          {
            "type": "lino/testevent",
            "value": {
              "id": "-1"
            }
          }
        ]
      }
    }
  },
  {
    "prefix": "0",
    "key": "10000158654",
    "val": {
      "type": "lino/global/eventlist",
      "value": {
        "events": [
          {
            "type": "lino/testevent",
            "value": {
              "id": "-1"
            }
          }
        ]
      }
    }
  },
  {
    "prefix": "0",
    "key": "10000159231",
    "val": {
      "type": "lino/global/eventlist",
      "value": {
        "events": [
          {
            "type": "lino/testevent",
            "value": {
              "id": "-1"
            }
          }
        ]
      }
    }
  },
  {
    "prefix": "1",
    "key": "",
    "val": {
      "type": "lino/global/time",
      "value": {
        "chain_start_time": "123456",
        "last_block_time": "159231",
        "past_minutes": "596"
      }
    }
  },
  {
    "prefix": "2",
    "key": "",
    "val": {
      "type": "lino/global/eventerr",
      "value": [
        {
          "time": "123459",
          "event": {
            "type": "lino/testevent",
            "value": {
              "id": "0"
            }
          },
          "err_code": 100000
        },
        {
          "time": "125859",
          "event": {
            "type": "lino/testevent",
            "value": {
              "id": "42"
            }
          },
          "err_code": 100000
        },
        {
          "time": "127659",
          "event": {
            "type": "lino/testevent",
            "value": {
              "id": "7"
            }
          },
          "err_code": 100000
        },
        {
          "time": "130059",
          "event": {
            "type": "lino/testevent",
            "value": {
              "id": "49"
            }
          },
          "err_code": 100000
        },
        {
          "time": "131859",
          "event": {
            "type": "lino/testevent",
            "value": {
              "id": "14"
            }
          },
          "err_code": 100000
        },
        {
          "time": "134259",
          "event": {
            "type": "lino/testevent",
            "value": {
              "id": "56"
            }
          },
          "err_code": 100000
        },
        {
          "time": "136059",
          "event": {
            "type": "lino/testevent",
            "value": {
              "id": "21"
            }
          },
          "err_code": 100000
        },
        {
          "time": "138459",
          "event": {
            "type": "lino/testevent",
            "value": {
              "id": "63"
            }
          },
          "err_code": 100000
        },
        {
          "time": "140259",
          "event": {
            "type": "lino/testevent",
            "value": {
              "id": "28"
            }
          },
          "err_code": 100000
        },
        {
          "time": "142659",
          "event": {
            "type": "lino/testevent",
            "value": {
              "id": "70"
            }
          },
          "err_code": 100000
        },
        {
          "time": "144459",
          "event": {
            "type": "lino/testevent",
            "value": {
              "id": "35"
            }
          },
          "err_code": 100000
        },
        {
          "time": "146859",
          "event": {
            "type": "lino/testevent",
            "value": {
              "id": "77"
            }
          },
          "err_code": 100000
        }
      ]
    }
  },
  {
    "prefix": "3",
    "key": "",
    "val": {
      "type": "lino/global/bceventerr",
      "value": null
    }
  }
]
