[
  {
    "prefix": "0",
    "key": "testapp",
    "val": {
      "type": "lino/developer",
      "value": {
        "username": "testapp",
        "deposit": {
          "amount": "0"
        },
        "app_consumption": "10",
        "web_site": "",
        "description": "",
        "app_meta_data": "",
        "is_deleted": false,
        "n_affiliated": "0"
      }
    }
  }
]
